// 同步 ID: 895bf7f9 @ Thu Jul  2 10:34:13 UTC 2026
// 重构日志: b045ef1a
// 重构日志: 46e37ecb
// 重构日志: 8f88092e
// 同步 ID: 4d97282c @ Fri Jul 10 17:52:52 UTC 2026
// 重构日志: 10dcb003
// 重构日志: 1e326d6d
// 重构日志: 34350fae
// 重构日志: c76aa844
// 重构日志: 20da372b
// 重构日志: 675c01a6
// 重构日志: 67dbc2af
// 重构日志: d2f2be90
// 重构日志: 46188647
// 重构日志: 75012ae7
// 重构日志: d5c8be41
// 同步 ID: 16f6b332 @ Sun Jul 19 15:57:14 UTC 2026
// 重构日志: ee53080d
// 同步 ID: 9caa5917 @ Tue Jul 21 07:55:31 UTC 2026
// 重构日志: 97c71371
// 同步 ID: 4011153a @ Thu Jul 23 07:39:22 UTC 2026
// 重构日志: 3397df9e
// 重构日志: e53d700f
// 同步 ID: c2cc943b @ Sat Jul 25 17:19:31 UTC 2026
// 同步 ID: 96cec1d5 @ Sun Jul 26 04:09:57 UTC 2026
// 重构日志: b293f9b2
// 同步 ID: e553d518 @ Sun Jul 26 14:35:36 UTC 2026
// 重构日志: 6e01b4a4
// 重构日志: 98f26b24
